// Jest Snapshot v1, https://goo.gl/fbAQLP

exports[`<EditExpensePage /> renders correctly 1`] = `
<Fragment>
  <div
    className="page-header"
  >
    <div
      className="content-container"
    >
      <h1
        className="page-header__title"
      >
        Edit Expense
      </h1>
    </div>
  </div>
  <div
    className="content-container"
  >
    <ExpenseForm
      expense={
        Object {
          "amount": 195,
          "createdAt": 0,
          "description": "Gum",
          "id": "0",
          "note": "",
        }
      }
      onSubmit={[Function]}
    />
    <button
      className="button button--link button--link--secondary"
      onClick={[Function]}
    >
      Remove
    </button>
  </div>
</Fragment>
`;
