// Jest Snapshot v1, https://goo.gl/fbAQLP

exports[`<ExpenseDashboardPage /> renders <ExpenseSummary />, <ExpenseFilters />, and <ExpenseList /> 1`] = `
<div>
  <Connect(ExpensesSummary) />
  <Connect(ExpenseListFilters) />
  <Connect(ExpenseList) />
</div>
`;
