// Jest Snapshot v1, https://goo.gl/fbAQLP

exports[`<ExpenseListItem /> renders with fixture data 1`] = `
<Fragment>
  <Link
    replace={false}
    to="/edit/0"
  >
    <h3>
      Gum
    </h3>
  </Link>
  <p>
    $1.95
    - created
    December 31st, 1969
  </p>
</Fragment>
`;
