// Jest Snapshot v1, https://goo.gl/fbAQLP

exports[`<Header /> renders correctly 1`] = `
<header>
  <h1>
    Expensify
  </h1>
  <nav>
    <NavLink
      activeClassName="is-active"
      aria-current="page"
      exact={true}
      to="/"
    >
      Dashboard
    </NavLink>
    <NavLink
      activeClassName="is-active"
      aria-current="page"
      to="/create"
    >
      Create
    </NavLink>
    <button
      onClick={[MockFunction]}
      type="submit"
    >
      Logout
    </button>
  </nav>
</header>
`;
